#
# There is insufficient memory for the Java Runtime Environment to continue.
# Native memory allocation (mmap) failed to map 268435456 bytes. Error detail: G1 virtual space
# Possible reasons:
#   The system is out of physical RAM or swap space
#   This process is running with CompressedOops enabled, and the Java Heap may be blocking the growth of the native heap
# Possible solutions:
#   Reduce memory load on the system
#   Increase physical memory or swap space
#   Check if swap backing store is full
#   Decrease Java heap size (-Xmx/-Xms)
#   Decrease number of Java threads
#   Decrease Java thread stack sizes (-Xss)
#   Set larger code cache with -XX:ReservedCodeCacheSize=
#   JVM is running with Unscaled Compressed Oops mode in which the Java heap is
#     placed in the first 4GB address space. The Java Heap base address is the
#     maximum limit for the native heap growth. Please use -XX:HeapBaseMinAddress
#     to set the Java Heap base and to place the Java Heap above 4GB virtual address.
# This output file may be truncated or incomplete.
#
#  Out of Memory Error (os_windows.cpp:3766), pid=8416, tid=25280
#
# JRE version:  (25.0.3+1) (build )
# Java VM: OpenJDK 64-Bit Server VM (25.0.3+1-b329.124, mixed mode, sharing, tiered, compressed oops, compressed class ptrs, g1 gc, windows-amd64)
# No core dump will be written. Minidumps are not enabled by default on client versions of Windows
#

---------------  S U M M A R Y ------------

Command Line: -Djava.rmi.server.hostname=127.0.0.1 -Duser.timezone=UTC -Xmx2048m -Xms256m --add-exports=java.desktop/sun.awt=ALL-UNNAMED --add-exports=java.desktop/java.awt.peer=ALL-UNNAMED --add-opens=java.desktop/java.awt=ALL-UNNAMED --add-opens=jdk.unsupported/sun.misc=ALL-UNNAMED --add-opens=java.base/java.nio=ALL-UNNAMED --add-opens=java.base/java.util=ALL-UNNAMED -Dfile.encoding=UTF-8 -Dsun.stdout.encoding=UTF-8 -Dsun.stderr.encoding=UTF-8 com.intellij.database.remote.RemoteJdbcServer org.postgresql.Driver

Host: 12th Gen Intel(R) Core(TM) i5-12500H, 16 cores, 15G,  Windows 11 , 64 bit Build 26100 (10.0.26100.9444)
Time: Tue Sep 22 15:18:35 2026 elapsed time: 0.129594 seconds (0d 0h 0m 0s)

---------------  T H R E A D  ---------------

Current thread (0x000002b3791d3c60):  JavaThread "Unknown thread" [_thread_in_vm, id=25280, stack(0x000000f73b200000,0x000000f73b300000) (1024K)]

Stack: [0x000000f73b200000,0x000000f73b300000]
Native frames: (J=compiled Java code, j=interpreted, Vv=VM code, C=native code)
V  [jvm.dll+0x7c2709]  (no source info available)
V  [jvm.dll+0x78bdfd]  (no source info available)
V  [jvm.dll+0xa10353]  (no source info available)
V  [jvm.dll+0xa12b4c]  (no source info available)
V  [jvm.dll+0xa13243]  (no source info available)
V  [jvm.dll+0x308006]  (no source info available)
V  [jvm.dll+0x7be915]  (no source info available)
V  [jvm.dll+0x7b18c7]  (no source info available)
V  [jvm.dll+0x40211e]  (no source info available)
V  [jvm.dll+0x409f3b]  (no source info available)
V  [jvm.dll+0x3f6779]  (no source info available)
V  [jvm.dll+0x3f6a2b]  (no source info available)
V  [jvm.dll+0x3cca63]  (no source info available)
V  [jvm.dll+0x3cd6ce]  (no source info available)
V  [jvm.dll+0x9d66c7]  (no source info available)
V  [jvm.dll+0x467862]  (no source info available)
V  [jvm.dll+0x9b9df9]  (no source info available)
V  [jvm.dll+0x509c91]  (no source info available)
V  [jvm.dll+0x50b601]  (no source info available)
C  [jli.dll+0x5422]  (no source info available)
C  [ucrtbase.dll+0x2cd30]  (no source info available)
C  [KERNEL32.DLL+0x2cd87]  (no source info available)
C  [ntdll.dll+0xacaec]  (no source info available)

Lock stack of current Java thread (top to bottom):


---------------  P R O C E S S  ---------------

Threads class SMR info:
_java_thread_list=0x00007ffa9d6ac108, length=0, elements={
}

Java Threads: ( => current thread )
Total: 0

Other Threads:
  0x000002b37b67fed0 WorkerThread "GC Thread#0"                     [id=18268, stack(0x000000f73b300000,0x000000f73b400000) (1024K)]
  0x000002b37b699e90 ConcurrentGCThread "G1 Main Marker"            [id=4248, stack(0x000000f73b400000,0x000000f73b500000) (1024K)]
  0x000002b37b69b1d0 WorkerThread "G1 Conc#0"                       [id=18688, stack(0x000000f73b500000,0x000000f73b600000) (1024K)]

[error occurred during error reporting (printing all threads), id 0xc0000005, EXCEPTION_ACCESS_VIOLATION (0xc0000005) at pc=0x00007ffa9ccc183a]
VM state: not at safepoint (not fully initialized)

VM Mutex/Monitor currently owned by a thread:  ([mutex/lock_event])
[0x00007ffa9d735000] Heap_lock - owner thread: 0x000002b3791d3c60

Heap address: 0x0000000080000000, size: 2048 MB, Compressed Oops mode: 32-bit

CDS archive(s) mapped at: [0x0000000000000000-0x0000000000000000-0x0000000000000000), size 0, SharedBaseAddress: 0x0000000800000000, ArchiveRelocationMode: 1.
UseCompressedClassPointers 1, UseCompactObjectHeaders 0
Narrow klass pointer bits 32, Max shift 3
Narrow klass base: 0xffffffffffffffff, Narrow klass shift: -1
Encoding Range: [0xffffffffffffffff - 0x000000007fffffff), (2147483648 bytes)
Klass Range:    [0x0000000000000000 - 0x0000000000000000), (0 bytes)
Klass ID Range:  [4294967295 - 0) (1)
No protection zone.

GC Precious Log:
 CardTable entry size: 512
 Card Set container configuration: InlinePtr #cards 5 size 8 Array Of Cards #cards 10 size 36 Howl #buckets 4 coarsen threshold 1843 Howl Bitmap #cards 512 size 80 coarsen threshold 460 Card regions per heap region 1 cards per card region 2048

Heap:
 garbage-first heap   total reserved 2097152K, committed 0K, used 0K [0x0000000080000000, 0x0000000100000000)
  region size 1024K, 0 young (0K), 0 survivors (0K)

Heap Regions: E=young(eden), S=young(survivor), O=old, HS=humongous(starts), HC=humongous(continues), CS=collection set, F=free, TAMS=top-at-mark-start, PB=parsable bottom

Card table byte_map: [0x000002b30f750000,0x000002b30fb50000] _byte_map_base: 0x000002b30f350000

Marking Bits: (CMBitMap*) 0x000002b37b680660
 Bits: [0x000002b30fb50000, 0x000002b311b50000)

GC Heap Usage History (0 events):
No events

Metaspace Usage History (0 events):
No events

Dll operation events (1 events):
Event: 0.012 Loaded shared library D:\JetBrains\PyCharm2026.1\jbr\bin\java.dll

Deoptimization events (0 events):
No events

Classes loaded (0 events):
No events

Classes unloaded (0 events):
No events

Classes redefined (0 events):
No events

Internal exceptions (0 events):
No events

VM Operations (0 events):
No events

Memory protections (0 events):
No events

Nmethod flushes (0 events):
No events

Events (0 events):
No events


Dynamic libraries:
0x00007ff671ba0000 - 0x00007ff671baa000 	D:\JetBrains\PyCharm2026.1\jbr\bin\java.exe
0x00007ffb51ba0000 - 0x00007ffb51e07000 	C:\WINDOWS\SYSTEM32\ntdll.dll
0x00007ffb4fd50000 - 0x00007ffb4fe1b000 	C:\WINDOWS\System32\KERNEL32.DLL
0x00007ffb4f140000 - 0x00007ffb4f542000 	C:\WINDOWS\System32\KERNELBASE.dll
0x00007ffb4ed70000 - 0x00007ffb4eebc000 	C:\WINDOWS\System32\ucrtbase.dll
0x00007ffb3d0b0000 - 0x00007ffb3d0c7000 	D:\JetBrains\PyCharm2026.1\jbr\bin\jli.dll
0x00007ffb3d1b0000 - 0x00007ffb3d1ce000 	D:\JetBrains\PyCharm2026.1\jbr\bin\VCRUNTIME140.dll
0x00007ffb505d0000 - 0x00007ffb5079f000 	C:\WINDOWS\System32\USER32.dll
0x00007ffb4eed0000 - 0x00007ffb4eef7000 	C:\WINDOWS\System32\win32u.dll
0x00007ffb50ca0000 - 0x00007ffb50ccb000 	C:\WINDOWS\System32\GDI32.dll
0x00007ffb30bf0000 - 0x00007ffb30e80000 	C:\WINDOWS\WinSxS\amd64_microsoft.windows.common-controls_6595b64144ccf1df_6.0.26100.9278_none_3e0d1ba8e3303201\COMCTL32.dll
0x00007ffb4f6a0000 - 0x00007ffb4f7c9000 	C:\WINDOWS\System32\gdi32full.dll
0x00007ffb4ef00000 - 0x00007ffb4efa3000 	C:\WINDOWS\System32\msvcp_win.dll
0x00007ffb50bf0000 - 0x00007ffb50c99000 	C:\WINDOWS\System32\msvcrt.dll
0x00007ffb4f960000 - 0x00007ffb4f991000 	C:\WINDOWS\System32\IMM32.DLL
0x00007ffb48330000 - 0x00007ffb4833c000 	D:\JetBrains\PyCharm2026.1\jbr\bin\vcruntime140_1.dll
0x00007ffb18540000 - 0x00007ffb185c9000 	D:\JetBrains\PyCharm2026.1\jbr\bin\msvcp140.dll
0x00007ffa9c8e0000 - 0x00007ffa9d835000 	D:\JetBrains\PyCharm2026.1\jbr\bin\server\jvm.dll
0x00007ffb507b0000 - 0x00007ffb5086c000 	C:\WINDOWS\System32\ADVAPI32.dll
0x00007ffb50b40000 - 0x00007ffb50be9000 	C:\WINDOWS\System32\sechost.dll
0x00007ffb51a10000 - 0x00007ffb51b28000 	C:\WINDOWS\System32\RPCRT4.dll
0x00007ffb4f8a0000 - 0x00007ffb4f920000 	C:\WINDOWS\System32\WS2_32.dll
0x00007ffb315b0000 - 0x00007ffb315e6000 	C:\WINDOWS\SYSTEM32\WINMM.dll
0x00007ffb4ebf0000 - 0x00007ffb4ec4e000 	C:\WINDOWS\SYSTEM32\POWRPROF.dll
0x00007ffb4d5b0000 - 0x00007ffb4d5bb000 	C:\WINDOWS\SYSTEM32\VERSION.dll
0x00007ffb4ebd0000 - 0x00007ffb4ebe5000 	C:\WINDOWS\SYSTEM32\UMPDC.dll
0x00007ffb4da10000 - 0x00007ffb4da2b000 	C:\WINDOWS\SYSTEM32\kernel.appcore.dll
0x00007ffb3d1a0000 - 0x00007ffb3d1aa000 	D:\JetBrains\PyCharm2026.1\jbr\bin\jimage.dll
0x00007ffb4c1b0000 - 0x00007ffb4c3fc000 	C:\WINDOWS\SYSTEM32\DBGHELP.DLL
0x00007ffb4f9a0000 - 0x00007ffb4fd25000 	C:\WINDOWS\System32\combase.dll
0x00007ffb50a60000 - 0x00007ffb50b39000 	C:\WINDOWS\System32\OLEAUT32.dll
0x00007ffb352d0000 - 0x00007ffb3530b000 	C:\WINDOWS\SYSTEM32\dbgcore.DLL
0x00007ffb4f7d0000 - 0x00007ffb4f87c000 	C:\WINDOWS\System32\bcryptPrimitives.dll
0x00007ffb3d090000 - 0x00007ffb3d0af000 	D:\JetBrains\PyCharm2026.1\jbr\bin\java.dll
0x00007ffb503d0000 - 0x00007ffb5056a000 	C:\WINDOWS\System32\ole32.dll
0x00007ffb50f00000 - 0x00007ffb51698000 	C:\WINDOWS\System32\SHELL32.dll

JVMTI agents: none

dbghelp: loaded successfully - version: 4.0.5 - missing functions: none
symbol engine: initialized successfully - sym options: 0x614 - pdb path: .;D:\JetBrains\PyCharm2026.1\jbr\bin;C:\WINDOWS\SYSTEM32;C:\WINDOWS\WinSxS\amd64_microsoft.windows.common-controls_6595b64144ccf1df_6.0.26100.9278_none_3e0d1ba8e3303201;D:\JetBrains\PyCharm2026.1\jbr\bin\server

VM Arguments:
jvm_args: -Djava.rmi.server.hostname=127.0.0.1 -Duser.timezone=UTC -Xmx2048m -Xms256m --add-exports=java.desktop/sun.awt=ALL-UNNAMED --add-exports=java.desktop/java.awt.peer=ALL-UNNAMED --add-opens=java.desktop/java.awt=ALL-UNNAMED --add-opens=jdk.unsupported/sun.misc=ALL-UNNAMED --add-opens=java.base/java.nio=ALL-UNNAMED --add-opens=java.base/java.util=ALL-UNNAMED -Dfile.encoding=UTF-8 -Dsun.stdout.encoding=UTF-8 -Dsun.stderr.encoding=UTF-8 
java_command: com.intellij.database.remote.RemoteJdbcServer org.postgresql.Driver
java_class_path (initial): D:\JetBrains\PyCharm2026.1\lib\util_rt.jar;D:\JetBrains\PyCharm2026.1\lib\intellij.libraries.fastutil.jar;D:\JetBrains\PyCharm2026.1\lib\groovy.jar;D:\JetBrains\PyCharm2026.1\plugins\DatabaseTools\lib\modules\intellij.database.jdbcConsole.jar;D:\JetBrains\PyCharm2026.1\lib\intellij.grid.types.jar;D:\JetBrains\PyCharm2026.1\lib\intellij.libraries.jbr.jar;D:\JetBrains\PyCharm2026.1\lib\intellij.libraries.bouncy.castle.provider.jar
Launcher Type: SUN_STANDARD

[Global flags]
     intx CICompilerCount                          = 12                                        {product} {ergonomic}
     uint ConcGCThreads                            = 3                                         {product} {ergonomic}
     uint G1ConcRefinementThreads                  = 13                                        {product} {ergonomic}
   size_t G1HeapRegionSize                         = 1048576                                   {product} {ergonomic}
   size_t InitialHeapSize                          = 268435456                                 {product} {command line}
   size_t MarkStackSize                            = 4194304                                   {product} {ergonomic}
   size_t MarkStackSizeMax                         = 536870912                                 {product} {ergonomic}
   size_t MaxHeapSize                              = 2147483648                                {product} {command line}
   size_t MinHeapDeltaBytes                        = 1048576                                   {product} {ergonomic}
   size_t MinHeapSize                              = 268435456                                 {product} {command line}
    uintx NonNMethodCodeHeapSize                   = 7667712                                {pd product} {ergonomic}
    uintx NonProfiledCodeHeapSize                  = 122028032                              {pd product} {ergonomic}
    uintx ProfiledCodeHeapSize                     = 122028032                              {pd product} {ergonomic}
    uintx ReservedCodeCacheSize                    = 251723776                              {pd product} {ergonomic}
     bool SegmentedCodeCache                       = true                                      {product} {ergonomic}
   size_t SoftMaxHeapSize                          = 2147483648                             {manageable} {ergonomic}
     bool UseCompressedOops                        = true                           {product lp64_product} {ergonomic}
     bool UseG1GC                                  = true                                      {product} {ergonomic}
     bool UseLargePagesIndividualAllocation        = false                                  {pd product} {ergonomic}

Logging:
Log output configuration:
 #0: stdout all=warning uptime,level,tags foldmultilines=false
 #1: stderr all=off uptime,level,tags foldmultilines=false

Release file:
<release file has not been read>
Environment Variables:
PATH=C:\Program Files\Python314\Scripts\;C:\Program Files\Python314\;C:\Program Files\Python313\;C:\Program Files\Common Files\Oracle\Java\javapath;C:\Python38\Scripts\;C:\Python38\;C:\Windows\System32\HWAudioDriverLibs;C:\Windows\system32;C:\Windows;C:\Windows\System32\Wbem;C:\Windows\System32\WindowsPowerShell\v1.0\;C:\Windows\System32\OpenSSH\;C:\Users\Administrator\AppData\Local\Microsoft\WindowsApps;C:\Program Files\dotnet\;C:\Program Files (x86)\dotnet\;C:\WINDOWS\system32;C:\WINDOWS;C:\WINDOWS\System32\Wbem;C:\WINDOWS\System32\WindowsPowerShell\v1.0\;C:\WINDOWS\System32\OpenSSH\;C:\WINDOWS\system32\config\systemprofile\AppData\Local\Microsoft\WindowsApps;C:\windows\system32\HWAudioDriver\;C:\Program Files\Microsoft SQL Server\150\Tools\Binn\;C:\Program Files\Microsoft SQL Server\Client SDK\ODBC\170\Tools\Binn\;C:\Program Files (x86)\Microsoft SQL Server\150\Tools\Binn\;C:\Program Files\Microsoft SQL Server\150\DTS\Binn\;D:\NodeJS\;C:\Program Files (x86)\Microsoft SQL Server\160\Tools\Binn\;C:\Program Files\Microsoft SQL Server\160\Tools\Binn\;C:\Program Files\Microsoft SQL Server\160\DTS\Binn\;C:\Program Files\apache-maven-3.9.9\bin;C:\Program Files\Docker\Docker\resources\bin;C:\WINDOWS\system32;C:\WINDOWS;C:\WINDOWS\System32\Wbem;C:\WINDOWS\System32\WindowsPowerShell\v1.0\;C:\WINDOWS\System32\OpenSSH\;C:\Program Files\PuTTY\;C:\Program Files\Git\cmd;C:\Users\iwast\scoop\shims;C:\Users\iwast\AppData\Local\Microsoft\WindowsApps;C:\Program Files\JetBrains\PyCharm Community Edition 2024.1.1\bin;;D:\Microsoft VS Code\bin;C:\Program Files\JetBrains\IntelliJ IDEA Community Edition 2023.2.1\bin;;C:\Users\iwast\AppData\Roaming\npm;D:\androidsdk\platform-tools;
USERNAME=iwast
OS=Windows_NT
PROCESSOR_IDENTIFIER=Intel64 Family 6 Model 154 Stepping 3, GenuineIntel
TMP=C:\Users\iwast\AppData\Local\Temp
TEMP=C:\Users\iwast\AppData\Local\Temp




Compilation memory statistics disabled.

Periodic native trim disabled

JNI global refs:
JNI global refs: 0, weak refs: 0

JNI global refs memory usage: 0, weak refs: 0

Process memory usage:
Resident Set Size: 14540K (0% of 16497272K total physical memory with 3111144K free physical memory)

OOME stack traces (most recent first):
Classloader memory used:

---------------  S Y S T E M  ---------------

OS:
 Windows 11 , 64 bit Build 26100 (10.0.26100.9444)
OS uptime: 0 days 4:50 hours
Hyper-V role detected

CPU: total 16 (initial active 16) (8 cores per cpu, 2 threads per core) family 6 model 154 stepping 3 microcode 0x41e, cx8, cmov, fxsr, ht, mmx, 3dnowpref, sse, sse2, sse3, ssse3, sse4.1, sse4.2, popcnt, lzcnt, tsc, tscinvbit, avx, avx2, aes, erms, clmul, bmi1, bmi2, adx, sha, fma, vzeroupper, clflush, clflushopt, clwb, hv, serialize, rdtscp, rdpid, fsrm, gfni, f16c, cet_ibt, cet_ss
Processor Information for processor 0
  Max Mhz: 2500, Current Mhz: 2500, Mhz Limit: 2500
Processor Information for processor 1
  Max Mhz: 2500, Current Mhz: 2500, Mhz Limit: 2500
Processor Information for processor 2
  Max Mhz: 2500, Current Mhz: 2500, Mhz Limit: 2500
Processor Information for processor 3
  Max Mhz: 2500, Current Mhz: 2500, Mhz Limit: 2500
Processor Information for processor 4
  Max Mhz: 2500, Current Mhz: 2500, Mhz Limit: 2500
Processor Information for processor 5
  Max Mhz: 2500, Current Mhz: 2500, Mhz Limit: 2500
Processor Information for processor 6
  Max Mhz: 2500, Current Mhz: 2500, Mhz Limit: 2500
Processor Information for processor 7
  Max Mhz: 2500, Current Mhz: 2500, Mhz Limit: 2500
Processor Information for processor 8
  Max Mhz: 2500, Current Mhz: 1800, Mhz Limit: 1800
Processor Information for processor 9
  Max Mhz: 2500, Current Mhz: 1500, Mhz Limit: 1800
Processor Information for processor 10
  Max Mhz: 2500, Current Mhz: 1500, Mhz Limit: 1800
Processor Information for processor 11
  Max Mhz: 2500, Current Mhz: 1500, Mhz Limit: 1800
Processor Information for processor 12
  Max Mhz: 2500, Current Mhz: 1500, Mhz Limit: 1800
Processor Information for processor 13
  Max Mhz: 2500, Current Mhz: 1800, Mhz Limit: 1800
Processor Information for processor 14
  Max Mhz: 2500, Current Mhz: 1500, Mhz Limit: 1800
Processor Information for processor 15
  Max Mhz: 2500, Current Mhz: 1500, Mhz Limit: 1800

Memory: 4k page, system-wide physical 16110M (3038M free)
TotalPageFile size 16110M (AvailPageFile size 158M)
current process WorkingSet (physical memory assigned to process): 14M, peak: 14M
current process commit charge ("private bytes"): 71M, peak: 327M

vm_info: OpenJDK 64-Bit Server VM (25.0.3+1-b329.124) for windows-amd64 JRE (25.0.3+1-b329.124), built on 2026-04-30 with MS VC++ 17.14 (VS2022)

END.
